Starting YouTube transcript extraction for https://www.youtube.com/@ANYA-channel
Fetching video URLs...
Found 224 videos.
[1/224] Processing https://www.youtube.com/watch?v=a0hG5dwtXGk ...
  -> Success
  Sleeping for 60 seconds...
[2/224] Processing https://www.youtube.com/watch?v=2DxjiC9navA ...
  -> Success
  Sleeping for 60 seconds...
[3/224] Processing https://www.youtube.com/watch?v=ZC1gOp5HosQ ...
  -> Success
  Sleeping for 60 seconds...
[4/224] Processing https://www.youtube.com/watch?v=-tYELkQ7CMQ ...
  -> Success
  Sleeping for 60 seconds...
[5/224] Processing https://www.youtube.com/watch?v=UiK0-thSkgM ...
  -> Success
  Sleeping for 60 seconds...
[6/224] Processing https://www.youtube.com/watch?v=36KTA9HZARg ...
  -> Success
  Sleeping for 60 seconds...
[7/224] Processing https://www.youtube.com/watch?v=1rZorBRv3sM ...
  -> Success
  Sleeping for 60 seconds...
Starting robust YouTube transcript extraction for https://www.youtube.com/@ANYA-channel
Fetching video URLs...
Found 224 videos.
[1/224] Processing https://www.youtube.com/watch?v=a0hG5dwtXGk ...
  -> Detected IP BAN or extraction failure!
  -> Sleeping for 3 hours to wait for ban lift...
[1/224] Processing https://www.youtube.com/watch?v=a0hG5dwtXGk ...
  -> Detected IP BAN or extraction failure!
  -> Sleeping for 3 hours to wait for ban lift...
[1/224] Processing https://www.youtube.com/watch?v=a0hG5dwtXGk ...
  -> Detected IP BAN or extraction failure!
  -> Sleeping for 3 hours to wait for ban lift...
Starting robust YouTube transcript extraction for https://www.youtube.com/@ANYA-channel
Fetching video URLs...
Found 224 videos.
[1/224] Processing https://www.youtube.com/watch?v=a0hG5dwtXGk ...
  -> Detected IP BAN or extraction failure!
  -> Sleeping for 3 hours to wait for ban lift...
Starting robust YouTube transcript extraction for https://www.youtube.com/@ANYA-channel
Fetching video URLs...
Found 224 videos.
[1/224] Processing https://www.youtube.com/watch?v=a0hG5dwtXGk ...
  -> Success.
  Sleeping for 144 seconds before next video...
[2/224] Processing https://www.youtube.com/watch?v=2DxjiC9navA ...
  -> Success.
  Sleeping for 94 seconds before next video...
[3/224] Processing https://www.youtube.com/watch?v=ZC1gOp5HosQ ...
  -> Success.
  Sleeping for 168 seconds before next video...
[4/224] Processing https://www.youtube.com/watch?v=-tYELkQ7CMQ ...
  -> Success.
  Sleeping for 102 seconds before next video...
[5/224] Processing https://www.youtube.com/watch?v=UiK0-thSkgM ...
  -> Success.
  Sleeping for 118 seconds before next video...
[6/224] Processing https://www.youtube.com/watch?v=36KTA9HZARg ...
  -> Success.
  Sleeping for 114 seconds before next video...
[7/224] Processing https://www.youtube.com/watch?v=1rZorBRv3sM ...
  -> Success.
  Sleeping for 101 seconds before next video...
[8/224] Processing https://www.youtube.com/watch?v=7bRw_kUd6GQ ...
  -> Success.
  Sleeping for 160 seconds before next video...
[9/224] Processing https://www.youtube.com/watch?v=gn_j870sIbc ...
  -> Success.
  Sleeping for 94 seconds before next video...
[10/224] Processing https://www.youtube.com/watch?v=_6EwntDaNp4 ...
  -> Success.
  Sleeping for 151 seconds before next video...
[11/224] Processing https://www.youtube.com/watch?v=VFU6Z3aUaP0 ...
  -> Success.
  Sleeping for 150 seconds before next video...
[12/224] Processing https://www.youtube.com/watch?v=4BGxtYRsQeg ...
  -> Success.
  Sleeping for 112 seconds before next video...
[13/224] Processing https://www.youtube.com/watch?v=b2_fwE7_P0Q ...
  -> Success.
  Sleeping for 158 seconds before next video...
[14/224] Processing https://www.youtube.com/watch?v=goSUdiJeyjA ...
  -> Success.
  Sleeping for 149 seconds before next video...
[15/224] Processing https://www.youtube.com/watch?v=VIS7g-h9zZI ...
  -> Success.
  Sleeping for 150 seconds before next video...
[16/224] Processing https://www.youtube.com/watch?v=k3esVxMvyc4 ...
  -> Success.
  Sleeping for 123 seconds before next video...
[17/224] Processing https://www.youtube.com/watch?v=E4l6T4upvg8 ...
  -> Success.
  Sleeping for 154 seconds before next video...
[18/224] Processing https://www.youtube.com/watch?v=b4WCxlJ7l7M ...
  -> Success.
  Sleeping for 131 seconds before next video...
[19/224] Processing https://www.youtube.com/watch?v=QLr1iyEFPPY ...
  -> Success.
  Sleeping for 156 seconds before next video...
[20/224] Processing https://www.youtube.com/watch?v=pNVX2NgeCGA ...
  -> Success.
  Sleeping for 173 seconds before next video...
[21/224] Processing https://www.youtube.com/watch?v=9fAs5PuKKNM ...
  -> Success.
  Sleeping for 168 seconds before next video...
[22/224] Processing https://www.youtube.com/watch?v=vRxR4DSUWIc ...
  -> Success.
  Sleeping for 161 seconds before next video...
[23/224] Processing https://www.youtube.com/watch?v=tidST3_OrLY ...
  -> Success.
  Sleeping for 130 seconds before next video...
[24/224] Processing https://www.youtube.com/watch?v=sTMNA0v-rKI ...
  -> Success.
  Sleeping for 133 seconds before next video...
[25/224] Processing https://www.youtube.com/watch?v=o--K-D2Qwuw ...
  -> Success.
  Sleeping for 126 seconds before next video...
[26/224] Processing https://www.youtube.com/watch?v=-flj-4OXCcE ...
  -> Success.
  Sleeping for 118 seconds before next video...
[27/224] Processing https://www.youtube.com/watch?v=VxBorXclWVE ...
  -> Success.
  Sleeping for 110 seconds before next video...
[28/224] Processing https://www.youtube.com/watch?v=y1Qk9c3U9YQ ...
  -> Success.
  Sleeping for 114 seconds before next video...
[29/224] Processing https://www.youtube.com/watch?v=10qX13RFkiw ...
  -> Success.
  Sleeping for 154 seconds before next video...
[30/224] Processing https://www.youtube.com/watch?v=FYcjHfYF-dQ ...
  -> Success.
  Sleeping for 173 seconds before next video...
[31/224] Processing https://www.youtube.com/watch?v=okr3RWdiGNI ...
  -> Success.
  Sleeping for 150 seconds before next video...
[32/224] Processing https://www.youtube.com/watch?v=Jij-ghY4Ve0 ...
  -> Success.
  Sleeping for 174 seconds before next video...
[33/224] Processing https://www.youtube.com/watch?v=dcXWreD9Mjw ...
  -> Success.
  Sleeping for 151 seconds before next video...
[34/224] Processing https://www.youtube.com/watch?v=fdgDkUwSu6Q ...
  -> Success.
  Sleeping for 149 seconds before next video...
[35/224] Processing https://www.youtube.com/watch?v=TSWWcM1IXTc ...
  -> Success.
  Sleeping for 146 seconds before next video...
[36/224] Processing https://www.youtube.com/watch?v=KEDULzFmxv8 ...
  -> Success.
  Sleeping for 178 seconds before next video...
[37/224] Processing https://www.youtube.com/watch?v=GVg725L9TzI ...
  -> Success.
  Sleeping for 100 seconds before next video...
[38/224] Processing https://www.youtube.com/watch?v=7ewHwM24RYs ...
  -> Success.
  Sleeping for 124 seconds before next video...
[39/224] Processing https://www.youtube.com/watch?v=OYwsECADlPE ...
  -> Success.
  Sleeping for 97 seconds before next video...
[40/224] Processing https://www.youtube.com/watch?v=CLvzR9rUkXk ...
  -> Success.
  Sleeping for 103 seconds before next video...
[41/224] Processing https://www.youtube.com/watch?v=AODwgwinoh0 ...
  -> Success.
  Sleeping for 142 seconds before next video...
[42/224] Processing https://www.youtube.com/watch?v=TWvODGSo3tU ...
  -> Success.
  Sleeping for 164 seconds before next video...
[43/224] Processing https://www.youtube.com/watch?v=5ExtB9ytbX8 ...
  -> Success.
  Sleeping for 164 seconds before next video...
[44/224] Processing https://www.youtube.com/watch?v=Fl8Lqaumz0k ...
  -> Success.
  Sleeping for 168 seconds before next video...
[45/224] Processing https://www.youtube.com/watch?v=199ZyU-FGUI ...
  -> Success.
  Sleeping for 173 seconds before next video...
[46/224] Processing https://www.youtube.com/watch?v=Aq_vFFF8FAY ...
  -> Success.
  Sleeping for 90 seconds before next video...
[47/224] Processing https://www.youtube.com/watch?v=CorZ3xmyEeY ...
  -> Success.
  Sleeping for 159 seconds before next video...
[48/224] Processing https://www.youtube.com/watch?v=G5cIiTrp3Kw ...
  -> Success.
  Sleeping for 152 seconds before next video...
[49/224] Processing https://www.youtube.com/watch?v=LVyS1svCza8 ...
  -> Detected IP BAN or extraction failure!
  -> Sleeping for 3 hours to wait for ban lift...
[49/224] Processing https://www.youtube.com/watch?v=LVyS1svCza8 ...
  -> Detected IP BAN or extraction failure!
  -> Sleeping for 3 hours to wait for ban lift...
[49/224] Processing https://www.youtube.com/watch?v=LVyS1svCza8 ...
  -> Detected IP BAN or extraction failure!
  -> Sleeping for 3 hours to wait for ban lift...
Starting robust YouTube transcript extraction for https://www.youtube.com/@ANYA-channel
Fetching video URLs...
Found 224 videos.
[49/224] Processing https://www.youtube.com/watch?v=LVyS1svCza8 ...
  -> Detected IP BAN or extraction failure!
  -> Sleeping for 3 hours to wait for ban lift...
Starting robust YouTube transcript extraction for https://www.youtube.com/@ANYA-channel
Fetching video URLs...
Found 224 videos.
[49/224] Processing https://www.youtube.com/watch?v=LVyS1svCza8 ...
  -> Detected IP BAN or extraction failure!
  -> Sleeping for 3 hours to wait for ban lift...
Starting robust YouTube transcript extraction for https://www.youtube.com/@ANYA-channel
Fetching video URLs...
Found 224 videos.
[49/224] Processing https://www.youtube.com/watch?v=LVyS1svCza8 ...
  -> Detected IP BAN or extraction failure!
  -> Sleeping for 3 hours to wait for ban lift...
Starting robust YouTube transcript extraction for https://www.youtube.com/@ANYA-channel
Fetching video URLs...
Found 224 videos.
[49/224] Processing https://www.youtube.com/watch?v=LVyS1svCza8 ...
  -> Failed: Subtitles disabled or no transcript found.
  Sleeping for 101 seconds before next video...
[50/224] Processing https://www.youtube.com/watch?v=GXBHo1DFQZM ...
  -> Success.
  Sleeping for 157 seconds before next video...
[51/224] Processing https://www.youtube.com/watch?v=blxHmWvtfhI ...
  -> Success.
  Sleeping for 172 seconds before next video...
[52/224] Processing https://www.youtube.com/watch?v=HWV1vlJdrQU ...
  -> Success.
  Sleeping for 90 seconds before next video...
[53/224] Processing https://www.youtube.com/watch?v=psjI9QF1A6I ...
  -> Success.
  Sleeping for 164 seconds before next video...
[54/224] Processing https://www.youtube.com/watch?v=etM5m9-RXRE ...
  -> Success.
  Sleeping for 141 seconds before next video...
[55/224] Processing https://www.youtube.com/watch?v=3jme03F9CcI ...
  -> Success.
  Sleeping for 106 seconds before next video...
[56/224] Processing https://www.youtube.com/watch?v=8wNr3kJfwok ...
  -> Success.
  Sleeping for 142 seconds before next video...
[57/224] Processing https://www.youtube.com/watch?v=jUPap43AJJk ...
  -> Success.
  Sleeping for 130 seconds before next video...
[58/224] Processing https://www.youtube.com/watch?v=pxuJk3FrLNE ...
  -> Success.
  Sleeping for 133 seconds before next video...
[59/224] Processing https://www.youtube.com/watch?v=fmX43N42Kkg ...
  -> Success.
  Sleeping for 113 seconds before next video...
[60/224] Processing https://www.youtube.com/watch?v=n8sCinwgOFU ...
  -> Success.
  Sleeping for 175 seconds before next video...
[61/224] Processing https://www.youtube.com/watch?v=Zn34XoEzdWY ...
  -> Success.
  Sleeping for 135 seconds before next video...
[62/224] Processing https://www.youtube.com/watch?v=q69qZQTbBSY ...
  -> Success.
  Sleeping for 90 seconds before next video...
[63/224] Processing https://www.youtube.com/watch?v=XXZCbHZ96rs ...
  -> Success.
  Sleeping for 115 seconds before next video...
[64/224] Processing https://www.youtube.com/watch?v=rOOMiRW_F7Y ...
  -> Success.
  Sleeping for 144 seconds before next video...
[65/224] Processing https://www.youtube.com/watch?v=eeZ6mjGBlS4 ...
  -> Success.
  Sleeping for 98 seconds before next video...
[66/224] Processing https://www.youtube.com/watch?v=8Qj9rUZTmQ4 ...
  -> Success.
  Sleeping for 112 seconds before next video...
[67/224] Processing https://www.youtube.com/watch?v=MtJnNh3FuLQ ...
  -> Success.
  Sleeping for 104 seconds before next video...
[68/224] Processing https://www.youtube.com/watch?v=CHNw8J2MElk ...
  -> Failed: Subtitles disabled or no transcript found.
  Sleeping for 178 seconds before next video...
[69/224] Processing https://www.youtube.com/watch?v=U14-Z6T6gLY ...
  -> Success.
  Sleeping for 168 seconds before next video...
[70/224] Processing https://www.youtube.com/watch?v=-SdW7MVwC8k ...
  -> Success.
  Sleeping for 104 seconds before next video...
[71/224] Processing https://www.youtube.com/watch?v=9zFQb_y5kfY ...
  -> Success.
  Sleeping for 116 seconds before next video...
[72/224] Processing https://www.youtube.com/watch?v=3EOG3Z0VX-c ...
  -> Success.
  Sleeping for 140 seconds before next video...
[73/224] Processing https://www.youtube.com/watch?v=zPOxcv74HVw ...
  -> Success.
  Sleeping for 126 seconds before next video...
[74/224] Processing https://www.youtube.com/watch?v=3GOfnobbGvk ...
  -> Success.
  Sleeping for 167 seconds before next video...
[75/224] Processing https://www.youtube.com/watch?v=Y6fTGbk7OaU ...
  -> Success.
  Sleeping for 99 seconds before next video...
[76/224] Processing https://www.youtube.com/watch?v=gn4gn91Bu0c ...
  -> Success.
  Sleeping for 94 seconds before next video...
[77/224] Processing https://www.youtube.com/watch?v=mqGmsUOBXJ0 ...
  -> Success.
  Sleeping for 103 seconds before next video...
[78/224] Processing https://www.youtube.com/watch?v=pji6cuYWgPY ...
  -> Success.
  Sleeping for 99 seconds before next video...
[79/224] Processing https://www.youtube.com/watch?v=j5xWIvPVyFo ...
  -> Success.
  Sleeping for 98 seconds before next video...
[80/224] Processing https://www.youtube.com/watch?v=aH3z_ZaF-x8 ...
  -> Success.
  Sleeping for 144 seconds before next video...
[81/224] Processing https://www.youtube.com/watch?v=A3ikFsGK8E8 ...
  -> Success.
  Sleeping for 125 seconds before next video...
[82/224] Processing https://www.youtube.com/watch?v=tCzO7BNdZ_o ...
  -> Success.
  Sleeping for 135 seconds before next video...
[83/224] Processing https://www.youtube.com/watch?v=t0axePozZ38 ...
  -> Success.
  Sleeping for 107 seconds before next video...
[84/224] Processing https://www.youtube.com/watch?v=BB-UWFX6kFk ...
  -> Success.
  Sleeping for 156 seconds before next video...
[85/224] Processing https://www.youtube.com/watch?v=CEpDNCqlWGk ...
  -> Success.
  Sleeping for 107 seconds before next video...
[86/224] Processing https://www.youtube.com/watch?v=OFPsY7kmuAI ...
  -> Success.
  Sleeping for 141 seconds before next video...
[87/224] Processing https://www.youtube.com/watch?v=vZGE2kfQxqc ...
  -> Success.
  Sleeping for 146 seconds before next video...
[88/224] Processing https://www.youtube.com/watch?v=oj1ztL10VL0 ...
  -> Success.
  Sleeping for 156 seconds before next video...
[89/224] Processing https://www.youtube.com/watch?v=l6G8vCFZUs8 ...
  -> Success.
  Sleeping for 142 seconds before next video...
[90/224] Processing https://www.youtube.com/watch?v=e55vJmJO7Mw ...
  -> Success.
  Sleeping for 124 seconds before next video...
[91/224] Processing https://www.youtube.com/watch?v=LWLOeO0UF4A ...
  -> Success.
  Sleeping for 163 seconds before next video...
[92/224] Processing https://www.youtube.com/watch?v=T6pRoS6WRQQ ...
  -> Success.
  Sleeping for 152 seconds before next video...
[93/224] Processing https://www.youtube.com/watch?v=Emfu3TKxl9A ...
  -> Success.
  Sleeping for 148 seconds before next video...
[94/224] Processing https://www.youtube.com/watch?v=gdQRFz5g6zQ ...
  -> Success.
  Sleeping for 146 seconds before next video...
[95/224] Processing https://www.youtube.com/watch?v=mIVrjCINiUA ...
  -> Success.
  Sleeping for 114 seconds before next video...
[96/224] Processing https://www.youtube.com/watch?v=hxMwSX6jLys ...
  -> Success.
  Sleeping for 119 seconds before next video...
[97/224] Processing https://www.youtube.com/watch?v=f1ZcsbyWa1c ...
  -> Success.
  Sleeping for 91 seconds before next video...
[98/224] Processing https://www.youtube.com/watch?v=2JJM_zbQ4ic ...
  -> Success.
  Sleeping for 112 seconds before next video...
[99/224] Processing https://www.youtube.com/watch?v=PWr747SmbXI ...
  -> Success.
  Sleeping for 153 seconds before next video...
[100/224] Processing https://www.youtube.com/watch?v=VNXJKVynkns ...
  -> Success.
  Sleeping for 141 seconds before next video...
[101/224] Processing https://www.youtube.com/watch?v=SnfCdujOLvI ...
  -> Success.
  Sleeping for 148 seconds before next video...
[102/224] Processing https://www.youtube.com/watch?v=UaaM_G5pJmI ...
  -> Success.
  Sleeping for 140 seconds before next video...
[103/224] Processing https://www.youtube.com/watch?v=_Q4gFpiLW5E ...
  -> Success.
  Sleeping for 161 seconds before next video...
[104/224] Processing https://www.youtube.com/watch?v=DRQXz4yEmmA ...
  -> Success.
  Sleeping for 111 seconds before next video...
[105/224] Processing https://www.youtube.com/watch?v=l-ZkMOQltFA ...
  -> Success.
  Sleeping for 126 seconds before next video...
[106/224] Processing https://www.youtube.com/watch?v=s7sJvFZDMHU ...
  -> Success.
  Sleeping for 116 seconds before next video...
[107/224] Processing https://www.youtube.com/watch?v=KtBhv_ZeNfg ...
  -> Success.
  Sleeping for 161 seconds before next video...
[108/224] Processing https://www.youtube.com/watch?v=oSXsPFTglb8 ...
  -> Success.
  Sleeping for 165 seconds before next video...
[109/224] Processing https://www.youtube.com/watch?v=S2uS9NfYGac ...
  -> Success.
  Sleeping for 94 seconds before next video...
[110/224] Processing https://www.youtube.com/watch?v=8Wjsh4Piq7o ...
  -> Success.
  Sleeping for 132 seconds before next video...
[111/224] Processing https://www.youtube.com/watch?v=zUOWXIn1Pf0 ...
  -> Success.
  Sleeping for 94 seconds before next video...
[112/224] Processing https://www.youtube.com/watch?v=FGUy_YCiT1g ...
  -> Success.
  Sleeping for 97 seconds before next video...
[113/224] Processing https://www.youtube.com/watch?v=7jZkmYUEIFQ ...
  -> Success.
  Sleeping for 127 seconds before next video...
[114/224] Processing https://www.youtube.com/watch?v=6mTygX9KMRg ...
  -> Success.
  Sleeping for 142 seconds before next video...
[115/224] Processing https://www.youtube.com/watch?v=qCwqSBLF2fo ...
  -> Success.
  Sleeping for 120 seconds before next video...
[116/224] Processing https://www.youtube.com/watch?v=dS9oGeIC64o ...
  -> Success.
  Sleeping for 130 seconds before next video...
[117/224] Processing https://www.youtube.com/watch?v=aNPClNUmoFA ...
  -> Success.
  Sleeping for 164 seconds before next video...
[118/224] Processing https://www.youtube.com/watch?v=hn_-tx47V6A ...
  -> Success.
  Sleeping for 105 seconds before next video...
[119/224] Processing https://www.youtube.com/watch?v=W15imqAMSgc ...
  -> Success.
  Sleeping for 113 seconds before next video...
[120/224] Processing https://www.youtube.com/watch?v=HUGuo4VrK3w ...
  -> Success.
  Sleeping for 179 seconds before next video...
[121/224] Processing https://www.youtube.com/watch?v=A1V55TIWd6I ...
  -> Success.
  Sleeping for 179 seconds before next video...
[122/224] Processing https://www.youtube.com/watch?v=_FEu9qE6Kp4 ...
  -> Success.
  Sleeping for 146 seconds before next video...
[123/224] Processing https://www.youtube.com/watch?v=34mjXz1rjq8 ...
  -> Success.
  Sleeping for 121 seconds before next video...
[124/224] Processing https://www.youtube.com/watch?v=s0Vgcqo6U9I ...
  -> Success.
  Sleeping for 153 seconds before next video...
[125/224] Processing https://www.youtube.com/watch?v=wInPmeaCk6k ...
  -> Success.
  Sleeping for 118 seconds before next video...
[126/224] Processing https://www.youtube.com/watch?v=q3KRpFtptt4 ...
  -> Success.
  Sleeping for 136 seconds before next video...
[127/224] Processing https://www.youtube.com/watch?v=qfpx5R6GRi8 ...
  -> Success.
  Sleeping for 116 seconds before next video...
[128/224] Processing https://www.youtube.com/watch?v=PedYPlIn_a0 ...
  -> Success.
  Sleeping for 179 seconds before next video...
[129/224] Processing https://www.youtube.com/watch?v=-7uksBjzjHM ...
  -> Success.
  Sleeping for 167 seconds before next video...
[130/224] Processing https://www.youtube.com/watch?v=y0sAm0z1hHs ...
  -> Success.
  Sleeping for 157 seconds before next video...
[131/224] Processing https://www.youtube.com/watch?v=9ZJU9ukllYs ...
  -> Success.
  Sleeping for 159 seconds before next video...
[132/224] Processing https://www.youtube.com/watch?v=mt6RdSQKcms ...
  -> Success.
  Sleeping for 167 seconds before next video...
[133/224] Processing https://www.youtube.com/watch?v=z_8vuCo1QAo ...
  -> Success.
  Sleeping for 96 seconds before next video...
[134/224] Processing https://www.youtube.com/watch?v=KP8UFnM_cu8 ...
  -> Success.
  Sleeping for 109 seconds before next video...
[135/224] Processing https://www.youtube.com/watch?v=lFU--tfw7zA ...
  -> Success.
  Sleeping for 173 seconds before next video...
[136/224] Processing https://www.youtube.com/watch?v=qdQizbZZme4 ...
  -> Success.
  Sleeping for 107 seconds before next video...
[137/224] Processing https://www.youtube.com/watch?v=01kjH_GESZo ...
  -> Success.
  Sleeping for 95 seconds before next video...
[138/224] Processing https://www.youtube.com/watch?v=-Racbjixd-Q ...
  -> Success.
  Sleeping for 95 seconds before next video...
[139/224] Processing https://www.youtube.com/watch?v=cySMGMTX280 ...
  -> Success.
  Sleeping for 170 seconds before next video...
[140/224] Processing https://www.youtube.com/watch?v=gYrzSwUrerM ...
  -> Success.
  Sleeping for 158 seconds before next video...
[141/224] Processing https://www.youtube.com/watch?v=9d3m2EI5a6Y ...
  -> Success.
  Sleeping for 95 seconds before next video...
[142/224] Processing https://www.youtube.com/watch?v=sWhGYz8UNg8 ...
  -> Success.
  Sleeping for 175 seconds before next video...
[143/224] Processing https://www.youtube.com/watch?v=TWpnN0NKegM ...
  -> Success.
  Sleeping for 162 seconds before next video...
[144/224] Processing https://www.youtube.com/watch?v=FIkSJakAfrc ...
  -> Success.
  Sleeping for 90 seconds before next video...
[145/224] Processing https://www.youtube.com/watch?v=asHl-8bX6mM ...
  -> Success.
  Sleeping for 177 seconds before next video...
[146/224] Processing https://www.youtube.com/watch?v=OKBkpqzdysQ ...
  -> Success.
  Sleeping for 137 seconds before next video...
[147/224] Processing https://www.youtube.com/watch?v=BjP_HPwTLkU ...
  -> Success.
  Sleeping for 170 seconds before next video...
[148/224] Processing https://www.youtube.com/watch?v=SxZ7u7lhCl4 ...
  -> Success.
  Sleeping for 165 seconds before next video...
[149/224] Processing https://www.youtube.com/watch?v=gPQPP0erTks ...
  -> Success.
  Sleeping for 176 seconds before next video...
[150/224] Processing https://www.youtube.com/watch?v=W4-ONaVRK-Y ...
  -> Success.
  Sleeping for 128 seconds before next video...
[151/224] Processing https://www.youtube.com/watch?v=JmfhmuQ0J44 ...
  -> Success.
  Sleeping for 141 seconds before next video...
[152/224] Processing https://www.youtube.com/watch?v=07N2SADiZ-M ...
  -> Success.
  Sleeping for 117 seconds before next video...
[153/224] Processing https://www.youtube.com/watch?v=XGc9Kgb36z4 ...
  -> Success.
  Sleeping for 173 seconds before next video...
[154/224] Processing https://www.youtube.com/watch?v=yhgg2gGmlDM ...
  -> Success.
  Sleeping for 118 seconds before next video...
[155/224] Processing https://www.youtube.com/watch?v=r_ETPFjO4YE ...
  -> Success.
  Sleeping for 125 seconds before next video...
[156/224] Processing https://www.youtube.com/watch?v=fGpvdSZm9Vc ...
  -> Success.
  Sleeping for 169 seconds before next video...
[157/224] Processing https://www.youtube.com/watch?v=8LNa-JYiFJw ...
  -> Success.
  Sleeping for 171 seconds before next video...
[158/224] Processing https://www.youtube.com/watch?v=3pH0EKydS7c ...
  -> Success.
  Sleeping for 119 seconds before next video...
[159/224] Processing https://www.youtube.com/watch?v=TbFy7fuNu5w ...
  -> Success.
  Sleeping for 176 seconds before next video...
[160/224] Processing https://www.youtube.com/watch?v=7bvA1p6sF0Q ...
  -> Success.
  Sleeping for 105 seconds before next video...
[161/224] Processing https://www.youtube.com/watch?v=3tPotEInyOk ...
  -> Success.
  Sleeping for 119 seconds before next video...
[162/224] Processing https://www.youtube.com/watch?v=P1cMW4AUKFI ...
  -> Success.
  Sleeping for 90 seconds before next video...
[163/224] Processing https://www.youtube.com/watch?v=UnMLY0tuEl4 ...
  -> Success.
  Sleeping for 106 seconds before next video...
[164/224] Processing https://www.youtube.com/watch?v=UNlTaOc03zw ...
  -> Success.
  Sleeping for 157 seconds before next video...
[165/224] Processing https://www.youtube.com/watch?v=5CI8Ru338jM ...
  -> Success.
  Sleeping for 169 seconds before next video...
[166/224] Processing https://www.youtube.com/watch?v=GigwTPUlK3c ...
  -> Success.
  Sleeping for 157 seconds before next video...
[167/224] Processing https://www.youtube.com/watch?v=Lz8xL3TcvsI ...
  -> Success.
  Sleeping for 175 seconds before next video...
[168/224] Processing https://www.youtube.com/watch?v=moEqVzxYGxY ...
  -> Success.
  Sleeping for 96 seconds before next video...
[169/224] Processing https://www.youtube.com/watch?v=SVEpbDhMA2U ...
  -> Success.
  Sleeping for 108 seconds before next video...
[170/224] Processing https://www.youtube.com/watch?v=r-lW0qkLjaI ...
  -> Success.
  Sleeping for 137 seconds before next video...
[171/224] Processing https://www.youtube.com/watch?v=Bh0Zctiq15s ...
  -> Success.
  Sleeping for 127 seconds before next video...
[172/224] Processing https://www.youtube.com/watch?v=FRurjdSHOn8 ...
  -> Success.
  Sleeping for 161 seconds before next video...
[173/224] Processing https://www.youtube.com/watch?v=QzChGdGwbYk ...
  -> Success.
  Sleeping for 117 seconds before next video...
[174/224] Processing https://www.youtube.com/watch?v=Pkh8CY04t_8 ...
  -> Success.
  Sleeping for 109 seconds before next video...
[175/224] Processing https://www.youtube.com/watch?v=RdjnV3B6L20 ...
  -> Success.
  Sleeping for 143 seconds before next video...
[176/224] Processing https://www.youtube.com/watch?v=LYy6FUlcWYo ...
  -> Success.
  Sleeping for 96 seconds before next video...
[177/224] Processing https://www.youtube.com/watch?v=0lgudR7QYds ...
  -> Success.
  Sleeping for 149 seconds before next video...
[178/224] Processing https://www.youtube.com/watch?v=SgKad4TFK6k ...
  -> Success.
  Sleeping for 176 seconds before next video...
[179/224] Processing https://www.youtube.com/watch?v=ZfaCFCaXO9o ...
  -> Success.
  Sleeping for 120 seconds before next video...
[180/224] Processing https://www.youtube.com/watch?v=h3TONKQC3cM ...
  -> Success.
  Sleeping for 157 seconds before next video...
[181/224] Processing https://www.youtube.com/watch?v=erQU4YYN1tI ...
  -> Success.
  Sleeping for 153 seconds before next video...
[182/224] Processing https://www.youtube.com/watch?v=LRqAWxuSp88 ...
  -> Success.
  Sleeping for 99 seconds before next video...
[183/224] Processing https://www.youtube.com/watch?v=m_J4pkP6tzU ...
  -> Success.
  Sleeping for 93 seconds before next video...
[184/224] Processing https://www.youtube.com/watch?v=vDliQVd-KH4 ...
  -> Success.
  Sleeping for 152 seconds before next video...
[185/224] Processing https://www.youtube.com/watch?v=3LNDn5cULv0 ...
  -> Success.
  Sleeping for 161 seconds before next video...
[186/224] Processing https://www.youtube.com/watch?v=4uD0s9by910 ...
  -> Success.
  Sleeping for 152 seconds before next video...
[187/224] Processing https://www.youtube.com/watch?v=ysgcSK5RzH0 ...
  -> Success.
  Sleeping for 171 seconds before next video...
[188/224] Processing https://www.youtube.com/watch?v=b6J9PSzDt9M ...
  -> Success.
  Sleeping for 132 seconds before next video...
[189/224] Processing https://www.youtube.com/watch?v=glaH3dalMUQ ...
  -> Success.
  Sleeping for 128 seconds before next video...
[190/224] Processing https://www.youtube.com/watch?v=PQiBRXVhVTc ...
  -> Success.
  Sleeping for 97 seconds before next video...
[191/224] Processing https://www.youtube.com/watch?v=vByKwPjczEk ...
  -> Success.
  Sleeping for 98 seconds before next video...
[192/224] Processing https://www.youtube.com/watch?v=f6qQoyfSLxA ...
  -> Success.
  Sleeping for 132 seconds before next video...
[193/224] Processing https://www.youtube.com/watch?v=AF1VbPkJ7p8 ...
  -> Success.
  Sleeping for 159 seconds before next video...
[194/224] Processing https://www.youtube.com/watch?v=fXWmiQSO6EE ...
  -> Success.
  Sleeping for 149 seconds before next video...
[195/224] Processing https://www.youtube.com/watch?v=tThXLUfhnOg ...
  -> Success.
  Sleeping for 154 seconds before next video...
[196/224] Processing https://www.youtube.com/watch?v=-dPjFQV7EBs ...
  -> Success.
  Sleeping for 92 seconds before next video...
[197/224] Processing https://www.youtube.com/watch?v=AS00T-_uPS4 ...
  -> Success.
  Sleeping for 127 seconds before next video...
[198/224] Processing https://www.youtube.com/watch?v=wml0G6u-Bmw ...
  -> Success.
  Sleeping for 112 seconds before next video...
[199/224] Processing https://www.youtube.com/watch?v=t59IhtrYrpM ...
  -> Success.
  Sleeping for 149 seconds before next video...
[200/224] Processing https://www.youtube.com/watch?v=3fMRB9wrLyU ...
  -> Success.
  Sleeping for 180 seconds before next video...
[201/224] Processing https://www.youtube.com/watch?v=nM4MUwV6osg ...
  -> Success.
  Sleeping for 157 seconds before next video...
[202/224] Processing https://www.youtube.com/watch?v=--LBzvlIG8A ...
  -> Success.
  Sleeping for 145 seconds before next video...
[203/224] Processing https://www.youtube.com/watch?v=CPhB1jXX3_Y ...
  -> Success.
  Sleeping for 118 seconds before next video...
[204/224] Processing https://www.youtube.com/watch?v=EXpEbINHraI ...
  -> Success.
  Sleeping for 102 seconds before next video...
[205/224] Processing https://www.youtube.com/watch?v=RVwpbkz1FTk ...
  -> Success.
  Sleeping for 99 seconds before next video...
[206/224] Processing https://www.youtube.com/watch?v=iWWuqRWbrv4 ...
  -> Success.
  Sleeping for 118 seconds before next video...
[207/224] Processing https://www.youtube.com/watch?v=aWNx-r7rNDM ...
  -> Success.
  Sleeping for 100 seconds before next video...
[208/224] Processing https://www.youtube.com/watch?v=fycrEFjT2iY ...
  -> Success.
  Sleeping for 102 seconds before next video...
[209/224] Processing https://www.youtube.com/watch?v=3pqKJnveTfY ...
  -> Success.
  Sleeping for 159 seconds before next video...
[210/224] Processing https://www.youtube.com/watch?v=nD_1USD8DW8 ...
  -> Success.
  Sleeping for 176 seconds before next video...
[211/224] Processing https://www.youtube.com/watch?v=Qmap2aQPUh8 ...
  -> Success.
  Sleeping for 127 seconds before next video...
[212/224] Processing https://www.youtube.com/watch?v=zxyr97_HazI ...
  -> Success.
  Sleeping for 133 seconds before next video...
[213/224] Processing https://www.youtube.com/watch?v=a0qIRPNGWyM ...
  -> Success.
  Sleeping for 169 seconds before next video...
[214/224] Processing https://www.youtube.com/watch?v=Xcqr5K1cgg4 ...
  -> Success.
  Sleeping for 135 seconds before next video...
[215/224] Processing https://www.youtube.com/watch?v=1FUr2TSOVO0 ...
  -> Success.
  Sleeping for 138 seconds before next video...
[216/224] Processing https://www.youtube.com/watch?v=AXFY4cwk_xM ...
  -> Success.
  Sleeping for 96 seconds before next video...
[217/224] Processing https://www.youtube.com/watch?v=V3Y_ET4mHxw ...
  -> Success.
  Sleeping for 119 seconds before next video...
[218/224] Processing https://www.youtube.com/watch?v=YUSRCged-z4 ...
  -> Success.
  Sleeping for 135 seconds before next video...
[219/224] Processing https://www.youtube.com/watch?v=ADLzRUmERoU ...
  -> Success.
  Sleeping for 162 seconds before next video...
[220/224] Processing https://www.youtube.com/watch?v=sLc3MN-fXuU ...
  -> Success.
  Sleeping for 96 seconds before next video...
[221/224] Processing https://www.youtube.com/watch?v=HFzi-jvBc9U ...
  -> Success.
  Sleeping for 127 seconds before next video...
[222/224] Processing https://www.youtube.com/watch?v=1uUjuNoEqo8 ...
  -> Success.
  Sleeping for 104 seconds before next video...
[223/224] Processing https://www.youtube.com/watch?v=7vim-qNCO2w ...
  -> Success.
  Sleeping for 124 seconds before next video...
[224/224] Processing https://www.youtube.com/watch?v=FKuAaW8FLDg ...
  -> Success.
Finished. Success: 222, Failed: 2
